[0.007s] Invoking command in '/home/kiki/fall_prefent_tof/build/depth_viewer_cpp': CMAKE_PREFIX_PATH=${CMAKE_PREFIX_PATH}:/opt/ros/jazzy DEBUGINFOD_URLS=https://debuginfod.ubuntu.com /usr/bin/cmake /home/kiki/fall_prefent_tof/src/depth_viewer_cpp -DCMAKE_INSTALL_PREFIX=/home/kiki/fall_prefent_tof/install/depth_viewer_cpp
[0.044s] -- The C compiler identification is GNU 13.3.0
[0.084s] -- The CXX compiler identification is GNU 13.3.0
[0.096s] -- Detecting C compiler ABI info
[0.158s] -- Detecting C compiler ABI info - done
[0.164s] -- Check for working C compiler: /usr/bin/cc - skipped
[0.164s] -- Detecting C compile features
[0.164s] -- Detecting C compile features - done
[0.171s] -- Detecting CXX compiler ABI info
[0.245s] -- Detecting CXX compiler ABI info - done
[0.250s] -- Check for working CXX compiler: /usr/bin/c++ - skipped
[0.250s] -- Detecting CXX compile features
[0.250s] -- Detecting CXX compile features - done
[0.253s] -- Found ament_cmake: 2.5.4 (/opt/ros/jazzy/share/ament_cmake/cmake)
[0.352s] -- Found Python3: /usr/bin/python3 (found version "3.12.3") found components: Interpreter 
[0.424s] -- Found rclcpp: 28.1.13 (/opt/ros/jazzy/share/rclcpp/cmake)
[0.454s] -- Found rosidl_generator_c: 4.6.6 (/opt/ros/jazzy/share/rosidl_generator_c/cmake)
[0.464s] -- Found rosidl_generator_cpp: 4.6.6 (/opt/ros/jazzy/share/rosidl_generator_cpp/cmake)
[0.475s] -- Using all available rosidl_typesupport_c: rosidl_typesupport_fastrtps_c;rosidl_typesupport_introspection_c
[0.487s] -- Using all available rosidl_typesupport_cpp: rosidl_typesupport_fastrtps_cpp;rosidl_typesupport_introspection_cpp
[0.539s] -- Found rmw_implementation_cmake: 7.3.2 (/opt/ros/jazzy/share/rmw_implementation_cmake/cmake)
[0.541s] -- Found rmw_fastrtps_cpp: 8.4.3 (/opt/ros/jazzy/share/rmw_fastrtps_cpp/cmake)
[0.604s] -- Found OpenSSL: /usr/lib/x86_64-linux-gnu/libcrypto.so (found version "3.0.13")  
[0.617s] -- Found FastRTPS: /opt/ros/jazzy/include (Required is at least version "2.13") 
[0.633s] -- Using RMW implementation 'rmw_fastrtps_cpp' as default
[0.683s] -- Found std_msgs: 5.3.6 (/opt/ros/jazzy/share/std_msgs/cmake)
[0.693s] -- Found sensor_msgs: 5.3.6 (/opt/ros/jazzy/share/sensor_msgs/cmake)
[0.719s] -- Found cv_bridge: 4.1.0 (/opt/ros/jazzy/share/cv_bridge/cmake)
[0.730s] -- Found OpenCV: /usr (found version "4.6.0") 
[0.732s] -- Found ament_lint_auto: 0.17.3 (/opt/ros/jazzy/share/ament_lint_auto/cmake)
[0.798s] -- Added test 'cppcheck' to perform static code analysis on C / C++ code
[0.798s] -- Configured cppcheck include dirs: 
[0.798s] -- Configured cppcheck exclude dirs and/or files: 
[0.799s] -- Added test 'lint_cmake' to check CMake code style
[0.799s] -- Added test 'uncrustify' to check C / C++ code style
[0.799s] -- Configured uncrustify additional arguments: 
[0.799s] -- Added test 'xmllint' to check XML markup files
[0.800s] -- Configuring done (0.8s)
[0.809s] -- Generating done (0.0s)
[0.811s] -- Build files have been written to: /home/kiki/fall_prefent_tof/build/depth_viewer_cpp
[0.819s] Invoked command in '/home/kiki/fall_prefent_tof/build/depth_viewer_cpp' returned '0': CMAKE_PREFIX_PATH=${CMAKE_PREFIX_PATH}:/opt/ros/jazzy DEBUGINFOD_URLS=https://debuginfod.ubuntu.com /usr/bin/cmake /home/kiki/fall_prefent_tof/src/depth_viewer_cpp -DCMAKE_INSTALL_PREFIX=/home/kiki/fall_prefent_tof/install/depth_viewer_cpp
[0.820s] Invoking command in '/home/kiki/fall_prefent_tof/build/depth_viewer_cpp': CMAKE_PREFIX_PATH=${CMAKE_PREFIX_PATH}:/opt/ros/jazzy DEBUGINFOD_URLS=https://debuginfod.ubuntu.com /usr/bin/cmake --build /home/kiki/fall_prefent_tof/build/depth_viewer_cpp -- -j20 -l20
[0.860s] [ 50%] [32mBuilding CXX object CMakeFiles/depth_viewer_node.dir/src/depth_viewer.cpp.o[0m
[0.976s] [01m[K/home/kiki/fall_prefent_tof/src/depth_viewer_cpp/src/depth_viewer.cpp:4:10:[m[K [01;31m[Kfatal error: [m[Kcv_bridge/cv_bridge.h: No such file or directory
[0.976s]     4 | #include [01;31m[K<cv_bridge/cv_bridge.h>[m[K
[0.976s]       |          [01;31m[K^~~~~~~~~~~~~~~~~~~~~~~[m[K
[0.976s] compilation terminated.
[0.979s] gmake[2]: *** [CMakeFiles/depth_viewer_node.dir/build.make:76: CMakeFiles/depth_viewer_node.dir/src/depth_viewer.cpp.o] Error 1
[0.980s] gmake[1]: *** [CMakeFiles/Makefile2:137: CMakeFiles/depth_viewer_node.dir/all] Error 2
[0.980s] gmake: *** [Makefile:146: all] Error 2
[0.982s] Invoked command in '/home/kiki/fall_prefent_tof/build/depth_viewer_cpp' returned '2': CMAKE_PREFIX_PATH=${CMAKE_PREFIX_PATH}:/opt/ros/jazzy DEBUGINFOD_URLS=https://debuginfod.ubuntu.com /usr/bin/cmake --build /home/kiki/fall_prefent_tof/build/depth_viewer_cpp -- -j20 -l20
