[0.070s] DEBUG:colcon:Command line arguments: ['/usr/bin/colcon', 'build', '--packages-select', 'data_proccessing']
[0.070s] DEBUG:colcon:Parsed command line arguments: Namespace(log_base=None, log_level=None, verb_name='build', build_base='build', install_base='install', merge_install=False, symlink_install=False, test_result_base=None, continue_on_error=False, executor='parallel', parallel_workers=20, event_handlers=None, ignore_user_meta=False, metas=['./colcon.meta'], base_paths=['.'], packages_ignore=None, packages_ignore_regex=None, paths=None, packages_up_to=None, packages_up_to_regex=None, packages_above=None, packages_above_and_dependencies=None, packages_above_depth=None, packages_select_by_dep=None, packages_skip_by_dep=None, packages_skip_up_to=None, packages_select_build_failed=False, packages_skip_build_finished=False, packages_select_test_failures=False, packages_skip_test_passed=False, packages_select=['data_proccessing'], packages_skip=None, packages_select_regex=None, packages_skip_regex=None, packages_start=None, packages_end=None, allow_overriding=[], cmake_args=None, cmake_target=None, cmake_target_skip_unavailable=False, cmake_clean_cache=False, cmake_clean_first=False, cmake_force_configure=False, ament_cmake_args=None, catkin_cmake_args=None, catkin_skip_building_tests=False, mixin_files=None, mixin=None, verb_parser=<colcon_mixin.mixin.mixin_argument.MixinArgumentDecorator object at 0x7df06199daf0>, verb_extension=<colcon_core.verb.build.BuildVerb object at 0x7df06191b920>, main=<bound method BuildVerb.main of <colcon_core.verb.build.BuildVerb object at 0x7df06191b920>>, mixin_verb=('build',))
[0.095s] Level 1:colcon.colcon_core.package_discovery:discover_packages(colcon_meta) check parameters
[0.095s] Level 1:colcon.colcon_core.package_discovery:discover_packages(recursive) check parameters
[0.095s] Level 1:colcon.colcon_core.package_discovery:discover_packages(ignore) check parameters
[0.095s] Level 1:colcon.colcon_core.package_discovery:discover_packages(path) check parameters
[0.095s] Level 1:colcon.colcon_core.package_discovery:discover_packages(colcon_meta) discover
[0.095s] Level 1:colcon.colcon_core.package_discovery:discover_packages(recursive) discover
[0.095s] INFO:colcon.colcon_core.package_discovery:Crawling recursively for packages in '/home/kiki/fall_prefent_tof'
[0.095s] Level 1:colcon.colcon_core.package_identification:_identify(.) by extensions ['ignore', 'ignore_ament_install']
[0.095s] Level 1:colcon.colcon_core.package_identification:_identify(.) by extension 'ignore'
[0.095s] Level 1:colcon.colcon_core.package_identification:_identify(.) by extension 'ignore_ament_install'
[0.095s] Level 1:colcon.colcon_core.package_identification:_identify(.) by extensions ['colcon_pkg']
[0.095s] Level 1:colcon.colcon_core.package_identification:_identify(.) by extension 'colcon_pkg'
[0.095s] Level 1:colcon.colcon_core.package_identification:_identify(.) by extensions ['colcon_meta']
[0.095s] Level 1:colcon.colcon_core.package_identification:_identify(.) by extension 'colcon_meta'
[0.095s] Level 1:colcon.colcon_core.package_identification:_identify(.) by extensions ['ros']
[0.095s] Level 1:colcon.colcon_core.package_identification:_identify(.) by extension 'ros'
[0.113s] Level 1:colcon.colcon_core.package_identification:_identify(.) by extensions ['cmake', 'python']
[0.113s] Level 1:colcon.colcon_core.package_identification:_identify(.) by extension 'cmake'
[0.113s] Level 1:colcon.colcon_core.package_identification:_identify(.) by extension 'python'
[0.113s] Level 1:colcon.colcon_core.package_identification:_identify(.) by extensions ['python_setup_py']
[0.113s] Level 1:colcon.colcon_core.package_identification:_identify(.) by extension 'python_setup_py'
[0.113s] Level 1:colcon.colcon_core.package_identification:_identify(build) by extensions ['ignore', 'ignore_ament_install']
[0.113s] Level 1:colcon.colcon_core.package_identification:_identify(build) by extension 'ignore'
[0.113s] Level 1:colcon.colcon_core.package_identification:_identify(build) ignored
[0.113s] Level 1:colcon.colcon_core.package_identification:_identify(install) by extensions ['ignore', 'ignore_ament_install']
[0.113s] Level 1:colcon.colcon_core.package_identification:_identify(install) by extension 'ignore'
[0.113s] Level 1:colcon.colcon_core.package_identification:_identify(install) ignored
[0.113s] Level 1:colcon.colcon_core.package_identification:_identify(log) by extensions ['ignore', 'ignore_ament_install']
[0.113s] Level 1:colcon.colcon_core.package_identification:_identify(log) by extension 'ignore'
[0.113s] Level 1:colcon.colcon_core.package_identification:_identify(log) ignored
[0.113s] Level 1:colcon.colcon_core.package_identification:_identify(rosbag2_2026_03_10-18_07_48) by extensions ['ignore', 'ignore_ament_install']
[0.113s] Level 1:colcon.colcon_core.package_identification:_identify(rosbag2_2026_03_10-18_07_48) by extension 'ignore'
[0.113s] Level 1:colcon.colcon_core.package_identification:_identify(rosbag2_2026_03_10-18_07_48) by extension 'ignore_ament_install'
[0.114s] Level 1:colcon.colcon_core.package_identification:_identify(rosbag2_2026_03_10-18_07_48) by extensions ['colcon_pkg']
[0.114s] Level 1:colcon.colcon_core.package_identification:_identify(rosbag2_2026_03_10-18_07_48) by extension 'colcon_pkg'
[0.114s] Level 1:colcon.colcon_core.package_identification:_identify(rosbag2_2026_03_10-18_07_48) by extensions ['colcon_meta']
[0.114s] Level 1:colcon.colcon_core.package_identification:_identify(rosbag2_2026_03_10-18_07_48) by extension 'colcon_meta'
[0.114s] Level 1:colcon.colcon_core.package_identification:_identify(rosbag2_2026_03_10-18_07_48) by extensions ['ros']
[0.114s] Level 1:colcon.colcon_core.package_identification:_identify(rosbag2_2026_03_10-18_07_48) by extension 'ros'
[0.114s] Level 1:colcon.colcon_core.package_identification:_identify(rosbag2_2026_03_10-18_07_48) by extensions ['cmake', 'python']
[0.114s] Level 1:colcon.colcon_core.package_identification:_identify(rosbag2_2026_03_10-18_07_48) by extension 'cmake'
[0.114s] Level 1:colcon.colcon_core.package_identification:_identify(rosbag2_2026_03_10-18_07_48) by extension 'python'
[0.114s] Level 1:colcon.colcon_core.package_identification:_identify(rosbag2_2026_03_10-18_07_48) by extensions ['python_setup_py']
[0.114s] Level 1:colcon.colcon_core.package_identification:_identify(rosbag2_2026_03_10-18_07_48) by extension 'python_setup_py'
[0.114s] Level 1:colcon.colcon_core.package_identification:_identify(src) by extensions ['ignore', 'ignore_ament_install']
[0.114s] Level 1:colcon.colcon_core.package_identification:_identify(src) by extension 'ignore'
[0.114s] Level 1:colcon.colcon_core.package_identification:_identify(src) by extension 'ignore_ament_install'
[0.114s] Level 1:colcon.colcon_core.package_identification:_identify(src) by extensions ['colcon_pkg']
[0.114s] Level 1:colcon.colcon_core.package_identification:_identify(src) by extension 'colcon_pkg'
[0.114s] Level 1:colcon.colcon_core.package_identification:_identify(src) by extensions ['colcon_meta']
[0.114s] Level 1:colcon.colcon_core.package_identification:_identify(src) by extension 'colcon_meta'
[0.114s] Level 1:colcon.colcon_core.package_identification:_identify(src) by extensions ['ros']
[0.114s] Level 1:colcon.colcon_core.package_identification:_identify(src) by extension 'ros'
[0.114s] Level 1:colcon.colcon_core.package_identification:_identify(src) by extensions ['cmake', 'python']
[0.114s] Level 1:colcon.colcon_core.package_identification:_identify(src) by extension 'cmake'
[0.114s] Level 1:colcon.colcon_core.package_identification:_identify(src) by extension 'python'
[0.114s] Level 1:colcon.colcon_core.package_identification:_identify(src) by extensions ['python_setup_py']
[0.114s] Level 1:colcon.colcon_core.package_identification:_identify(src) by extension 'python_setup_py'
[0.114s] Level 1:colcon.colcon_core.package_identification:_identify(src/data_processing) by extensions ['ignore', 'ignore_ament_install']
[0.114s] Level 1:colcon.colcon_core.package_identification:_identify(src/data_processing) by extension 'ignore'
[0.114s] Level 1:colcon.colcon_core.package_identification:_identify(src/data_processing) by extension 'ignore_ament_install'
[0.114s] Level 1:colcon.colcon_core.package_identification:_identify(src/data_processing) by extensions ['colcon_pkg']
[0.114s] Level 1:colcon.colcon_core.package_identification:_identify(src/data_processing) by extension 'colcon_pkg'
[0.114s] Level 1:colcon.colcon_core.package_identification:_identify(src/data_processing) by extensions ['colcon_meta']
[0.114s] Level 1:colcon.colcon_core.package_identification:_identify(src/data_processing) by extension 'colcon_meta'
[0.114s] Level 1:colcon.colcon_core.package_identification:_identify(src/data_processing) by extensions ['ros']
[0.114s] Level 1:colcon.colcon_core.package_identification:_identify(src/data_processing) by extension 'ros'
[0.116s] DEBUG:colcon.colcon_core.package_identification:Package 'src/data_processing' with type 'ros.ament_cmake' and name 'data_processing'
[0.116s] Level 1:colcon.colcon_core.package_identification:_identify(src/depth_viewer_cpp) by extensions ['ignore', 'ignore_ament_install']
[0.116s] Level 1:colcon.colcon_core.package_identification:_identify(src/depth_viewer_cpp) by extension 'ignore'
[0.116s] Level 1:colcon.colcon_core.package_identification:_identify(src/depth_viewer_cpp) by extension 'ignore_ament_install'
[0.116s] Level 1:colcon.colcon_core.package_identification:_identify(src/depth_viewer_cpp) by extensions ['colcon_pkg']
[0.116s] Level 1:colcon.colcon_core.package_identification:_identify(src/depth_viewer_cpp) by extension 'colcon_pkg'
[0.116s] Level 1:colcon.colcon_core.package_identification:_identify(src/depth_viewer_cpp) by extensions ['colcon_meta']
[0.116s] Level 1:colcon.colcon_core.package_identification:_identify(src/depth_viewer_cpp) by extension 'colcon_meta'
[0.116s] Level 1:colcon.colcon_core.package_identification:_identify(src/depth_viewer_cpp) by extensions ['ros']
[0.116s] Level 1:colcon.colcon_core.package_identification:_identify(src/depth_viewer_cpp) by extension 'ros'
[0.117s] DEBUG:colcon.colcon_core.package_identification:Package 'src/depth_viewer_cpp' with type 'ros.ament_cmake' and name 'depth_viewer_cpp'
[0.117s] Level 1:colcon.colcon_core.package_discovery:discover_packages(recursive) using defaults
[0.117s] Level 1:colcon.colcon_core.package_discovery:discover_packages(ignore) discover
[0.117s] Level 1:colcon.colcon_core.package_discovery:discover_packages(ignore) using defaults
[0.117s] Level 1:colcon.colcon_core.package_discovery:discover_packages(path) discover
[0.117s] Level 1:colcon.colcon_core.package_discovery:discover_packages(path) using defaults
[0.117s] WARNING:colcon.colcon_core.package_selection:ignoring unknown package 'data_proccessing' in --packages-select
[0.128s] INFO:colcon.colcon_core.package_selection:Skipping not selected package 'data_processing' in 'src/data_processing'
[0.128s] INFO:colcon.colcon_core.package_selection:Skipping not selected package 'depth_viewer_cpp' in 'src/depth_viewer_cpp'
[0.129s] Level 1:colcon.colcon_core.package_discovery:discover_packages(prefix_path) check parameters
[0.129s] Level 1:colcon.colcon_core.package_discovery:discover_packages(prefix_path) discover
[0.130s] DEBUG:colcon.colcon_installed_package_information.package_discovery:Found 2 installed packages in /home/kiki/fall_prefent_tof/install
[0.131s] DEBUG:colcon.colcon_installed_package_information.package_discovery:Found 426 installed packages in /opt/ros/jazzy
[0.132s] Level 1:colcon.colcon_core.package_discovery:discover_packages(prefix_path) using defaults
[0.163s] INFO:colcon.colcon_core.executor:Executing jobs using 'parallel' executor
[0.164s] DEBUG:colcon.colcon_parallel_executor.executor.parallel:run_until_complete
[0.164s] DEBUG:colcon.colcon_parallel_executor.executor.parallel:closing loop
[0.164s] DEBUG:colcon.colcon_parallel_executor.executor.parallel:loop closed
[0.164s] DEBUG:colcon.colcon_parallel_executor.executor.parallel:run_until_complete finished with '0'
[0.165s] DEBUG:colcon.colcon_core.event_reactor:joining thread
[0.168s] INFO:colcon.colcon_core.plugin_system:Skipping extension 'colcon_notification.desktop_notification.terminal_notifier': Not used on non-Darwin systems
[0.168s] INFO:colcon.colcon_core.plugin_system:Skipping extension 'colcon_notification.desktop_notification.win32': Not used on non-Windows systems
[0.168s] INFO:colcon.colcon_notification.desktop_notification:Sending desktop notification using 'notify2'
[0.178s] DEBUG:colcon.colcon_core.event_reactor:joined thread
[0.180s] INFO:colcon.colcon_core.plugin_system:Skipping extension 'colcon_core.shell.bat': Not used on non-Windows systems
[0.180s] INFO:colcon.colcon_core.shell:Creating prefix script '/home/kiki/fall_prefent_tof/install/local_setup.ps1'
[0.181s] INFO:colcon.colcon_core.shell:Creating prefix util module '/home/kiki/fall_prefent_tof/install/_local_setup_util_ps1.py'
[0.182s] INFO:colcon.colcon_core.shell:Creating prefix chain script '/home/kiki/fall_prefent_tof/install/setup.ps1'
[0.183s] INFO:colcon.colcon_core.shell:Creating prefix script '/home/kiki/fall_prefent_tof/install/local_setup.sh'
[0.184s] INFO:colcon.colcon_core.shell:Creating prefix util module '/home/kiki/fall_prefent_tof/install/_local_setup_util_sh.py'
[0.184s] INFO:colcon.colcon_core.shell:Creating prefix chain script '/home/kiki/fall_prefent_tof/install/setup.sh'
[0.185s] INFO:colcon.colcon_core.shell:Creating prefix script '/home/kiki/fall_prefent_tof/install/local_setup.bash'
[0.185s] INFO:colcon.colcon_core.shell:Creating prefix chain script '/home/kiki/fall_prefent_tof/install/setup.bash'
[0.186s] INFO:colcon.colcon_core.shell:Creating prefix script '/home/kiki/fall_prefent_tof/install/local_setup.zsh'
[0.186s] INFO:colcon.colcon_core.shell:Creating prefix chain script '/home/kiki/fall_prefent_tof/install/setup.zsh'
