[0.006s] Invoking command in '/home/kiki/fall_prefent_tof/build/data_processing': CMAKE_PREFIX_PATH=${CMAKE_PREFIX_PATH}:/opt/ros/jazzy DEBUGINFOD_URLS=https://debuginfod.ubuntu.com /usr/bin/cmake /home/kiki/fall_prefent_tof/src/data_processing -DCMAKE_INSTALL_PREFIX=/home/kiki/fall_prefent_tof/install/data_processing
[0.055s] -- The C compiler identification is GNU 13.3.0
[0.109s] -- The CXX compiler identification is GNU 13.3.0
[0.134s] -- Detecting C compiler ABI info
[0.255s] -- Detecting C compiler ABI info - done
[0.265s] -- Check for working C compiler: /usr/bin/cc - skipped
[0.266s] -- Detecting C compile features
[0.266s] -- Detecting C compile features - done
[0.276s] -- Detecting CXX compiler ABI info
[0.440s] -- Detecting CXX compiler ABI info - done
[0.447s] -- Check for working CXX compiler: /usr/bin/c++ - skipped
[0.447s] -- Detecting CXX compile features
[0.448s] -- Detecting CXX compile features - done
[0.451s] -- Found ament_cmake: 2.5.4 (/opt/ros/jazzy/share/ament_cmake/cmake)
[0.606s] -- Found Python3: /usr/bin/python3 (found version "3.12.3") found components: Interpreter 
[0.697s] -- Found rclcpp: 28.1.13 (/opt/ros/jazzy/share/rclcpp/cmake)
[0.734s] -- Found rosidl_generator_c: 4.6.6 (/opt/ros/jazzy/share/rosidl_generator_c/cmake)
[0.746s] -- Found rosidl_generator_cpp: 4.6.6 (/opt/ros/jazzy/share/rosidl_generator_cpp/cmake)
[0.760s] -- Using all available rosidl_typesupport_c: rosidl_typesupport_fastrtps_c;rosidl_typesupport_introspection_c
[0.776s] -- Using all available rosidl_typesupport_cpp: rosidl_typesupport_fastrtps_cpp;rosidl_typesupport_introspection_cpp
[0.842s] -- Found rmw_implementation_cmake: 7.3.2 (/opt/ros/jazzy/share/rmw_implementation_cmake/cmake)
[0.844s] -- Found rmw_fastrtps_cpp: 8.4.3 (/opt/ros/jazzy/share/rmw_fastrtps_cpp/cmake)
[0.954s] -- Found OpenSSL: /usr/lib/x86_64-linux-gnu/libcrypto.so (found version "3.0.13")  
[0.975s] -- Found FastRTPS: /opt/ros/jazzy/include (Required is at least version "2.13") 
[0.995s] -- Using RMW implementation 'rmw_fastrtps_cpp' as default
[1.059s] -- Found std_msgs: 5.3.6 (/opt/ros/jazzy/share/std_msgs/cmake)
[1.072s] -- Found ament_lint_auto: 0.17.3 (/opt/ros/jazzy/share/ament_lint_auto/cmake)
[1.158s] -- Added test 'cppcheck' to perform static code analysis on C / C++ code
[1.158s] -- Configured cppcheck include dirs: 
[1.158s] -- Configured cppcheck exclude dirs and/or files: 
[1.158s] -- Added test 'lint_cmake' to check CMake code style
[1.159s] -- Added test 'uncrustify' to check C / C++ code style
[1.159s] -- Configured uncrustify additional arguments: 
[1.159s] -- Added test 'xmllint' to check XML markup files
[1.160s] -- Configuring done (1.1s)
[1.167s] -- Generating done (0.0s)
[1.169s] -- Build files have been written to: /home/kiki/fall_prefent_tof/build/data_processing
[1.177s] Invoked command in '/home/kiki/fall_prefent_tof/build/data_processing' returned '0': CMAKE_PREFIX_PATH=${CMAKE_PREFIX_PATH}:/opt/ros/jazzy DEBUGINFOD_URLS=https://debuginfod.ubuntu.com /usr/bin/cmake /home/kiki/fall_prefent_tof/src/data_processing -DCMAKE_INSTALL_PREFIX=/home/kiki/fall_prefent_tof/install/data_processing
[1.178s] Invoking command in '/home/kiki/fall_prefent_tof/build/data_processing': CMAKE_PREFIX_PATH=${CMAKE_PREFIX_PATH}:/opt/ros/jazzy DEBUGINFOD_URLS=https://debuginfod.ubuntu.com /usr/bin/cmake --build /home/kiki/fall_prefent_tof/build/data_processing -- -j20 -l20
[1.243s] [ 50%] [32mBuilding CXX object CMakeFiles/data_processing_node.dir/src/data_processing_node.cpp.o[0m
[2.836s] [01m[K/home/kiki/fall_prefent_tof/src/data_processing/src/data_processing_node.cpp:[m[K In member function ‘[01m[Kvoid DataProcessingNode::[01;32m[KdepthCallback[m[K(std_msgs::msg::Float32MultiArray_<std::allocator<void> >::SharedPtr)[m[K’:
[2.836s] [01m[K/home/kiki/fall_prefent_tof/src/data_processing/src/data_processing_node.cpp:69:28:[m[K [01;35m[Kwarning: [m[Kcomparison of integer expressions of different signedness: ‘[01m[Kstd::deque<std::vector<float> >::size_type[m[K’ {aka ‘[01m[Klong unsigned int[m[K’} and ‘[01m[Kint[m[K’ [[01;35m[K]8;;https://gcc.gnu.org/onlinedocs/gcc/Warning-Options.html#index-Wsign-compare-Wsign-compare]8;;[m[K]
[2.836s]    69 |         if ([01;35m[Kbuffer_.size() >= sequence_length_[m[K)
[2.836s]       |             [01;35m[K~~~~~~~~~~~~~~~^~~~~~~~~~~~~~~~~~~[m[K
[8.034s] [100%] [32m[1mLinking CXX executable data_processing_node[0m
[8.292s] [100%] Built target data_processing_node
[8.300s] Invoked command in '/home/kiki/fall_prefent_tof/build/data_processing' returned '0': CMAKE_PREFIX_PATH=${CMAKE_PREFIX_PATH}:/opt/ros/jazzy DEBUGINFOD_URLS=https://debuginfod.ubuntu.com /usr/bin/cmake --build /home/kiki/fall_prefent_tof/build/data_processing -- -j20 -l20
[8.309s] Invoking command in '/home/kiki/fall_prefent_tof/build/data_processing': CMAKE_PREFIX_PATH=${CMAKE_PREFIX_PATH}:/opt/ros/jazzy DEBUGINFOD_URLS=https://debuginfod.ubuntu.com /usr/bin/cmake --install /home/kiki/fall_prefent_tof/build/data_processing
[8.318s] -- Install configuration: ""
[8.318s] -- Installing: /home/kiki/fall_prefent_tof/install/data_processing/lib/data_processing/data_processing_node
[8.323s] -- Set non-toolchain portion of runtime path of "/home/kiki/fall_prefent_tof/install/data_processing/lib/data_processing/data_processing_node" to ""
[8.323s] -- Installing: /home/kiki/fall_prefent_tof/install/data_processing/share/ament_index/resource_index/package_run_dependencies/data_processing
[8.323s] -- Installing: /home/kiki/fall_prefent_tof/install/data_processing/share/ament_index/resource_index/parent_prefix_path/data_processing
[8.323s] -- Installing: /home/kiki/fall_prefent_tof/install/data_processing/share/data_processing/environment/ament_prefix_path.sh
[8.323s] -- Installing: /home/kiki/fall_prefent_tof/install/data_processing/share/data_processing/environment/ament_prefix_path.dsv
[8.323s] -- Installing: /home/kiki/fall_prefent_tof/install/data_processing/share/data_processing/environment/path.sh
[8.323s] -- Installing: /home/kiki/fall_prefent_tof/install/data_processing/share/data_processing/environment/path.dsv
[8.323s] -- Installing: /home/kiki/fall_prefent_tof/install/data_processing/share/data_processing/local_setup.bash
[8.324s] -- Installing: /home/kiki/fall_prefent_tof/install/data_processing/share/data_processing/local_setup.sh
[8.324s] -- Installing: /home/kiki/fall_prefent_tof/install/data_processing/share/data_processing/local_setup.zsh
[8.324s] -- Installing: /home/kiki/fall_prefent_tof/install/data_processing/share/data_processing/local_setup.dsv
[8.324s] -- Installing: /home/kiki/fall_prefent_tof/install/data_processing/share/data_processing/package.dsv
[8.324s] -- Installing: /home/kiki/fall_prefent_tof/install/data_processing/share/ament_index/resource_index/packages/data_processing
[8.324s] -- Installing: /home/kiki/fall_prefent_tof/install/data_processing/share/data_processing/cmake/data_processingConfig.cmake
[8.324s] -- Installing: /home/kiki/fall_prefent_tof/install/data_processing/share/data_processing/cmake/data_processingConfig-version.cmake
[8.324s] -- Installing: /home/kiki/fall_prefent_tof/install/data_processing/share/data_processing/package.xml
[8.325s] Invoked command in '/home/kiki/fall_prefent_tof/build/data_processing' returned '0': CMAKE_PREFIX_PATH=${CMAKE_PREFIX_PATH}:/opt/ros/jazzy DEBUGINFOD_URLS=https://debuginfod.ubuntu.com /usr/bin/cmake --install /home/kiki/fall_prefent_tof/build/data_processing
