[ 50%] [32mBuilding CXX object CMakeFiles/depth_viewer_node.dir/src/depth_viewer.cpp.o[0m
[01m[K/home/kiki/fall_prefent_tof/src/depth_viewer_cpp/src/depth_viewer.cpp:[m[K In member function ‘[01m[Kvoid DepthViewer::[01;32m[Kcallback[m[K(std_msgs::msg::Float32MultiArray_<std::allocator<void> >::SharedPtr)[m[K’:
[01m[K/home/kiki/fall_prefent_tof/src/depth_viewer_cpp/src/depth_viewer.cpp:36:30:[m[K [01;35m[Kwarning: [m[Kcomparison of integer expressions of different signedness: ‘[01m[Kstd::vector<float>::size_type[m[K’ {aka ‘[01m[Klong unsigned int[m[K’} and ‘[01m[Kint[m[K’ [[01;35m[K]8;;https://gcc.gnu.org/onlinedocs/gcc/Warning-Options.html#index-Wsign-compare-Wsign-compare]8;;[m[K]
   36 |         if ([01;35m[Kmsg->data.size() != width_ * height_[m[K)
      |             [01;35m[K~~~~~~~~~~~~~~~~~^~~~~~~~~~~~~~~~~~~[m[K
[100%] [32m[1mLinking CXX executable depth_viewer_node[0m
[100%] Built target depth_viewer_node
-- Install configuration: ""
-- Installing: /home/kiki/fall_prefent_tof/install/depth_viewer_cpp/lib/depth_viewer_cpp/depth_viewer_node
-- Set non-toolchain portion of runtime path of "/home/kiki/fall_prefent_tof/install/depth_viewer_cpp/lib/depth_viewer_cpp/depth_viewer_node" to ""
-- Up-to-date: /home/kiki/fall_prefent_tof/install/depth_viewer_cpp/share/ament_index/resource_index/package_run_dependencies/depth_viewer_cpp
-- Up-to-date: /home/kiki/fall_prefent_tof/install/depth_viewer_cpp/share/ament_index/resource_index/parent_prefix_path/depth_viewer_cpp
-- Up-to-date: /home/kiki/fall_prefent_tof/install/depth_viewer_cpp/share/depth_viewer_cpp/environment/ament_prefix_path.sh
-- Up-to-date: /home/kiki/fall_prefent_tof/install/depth_viewer_cpp/share/depth_viewer_cpp/environment/ament_prefix_path.dsv
-- Up-to-date: /home/kiki/fall_prefent_tof/install/depth_viewer_cpp/share/depth_viewer_cpp/environment/path.sh
-- Up-to-date: /home/kiki/fall_prefent_tof/install/depth_viewer_cpp/share/depth_viewer_cpp/environment/path.dsv
-- Up-to-date: /home/kiki/fall_prefent_tof/install/depth_viewer_cpp/share/depth_viewer_cpp/local_setup.bash
-- Up-to-date: /home/kiki/fall_prefent_tof/install/depth_viewer_cpp/share/depth_viewer_cpp/local_setup.sh
-- Up-to-date: /home/kiki/fall_prefent_tof/install/depth_viewer_cpp/share/depth_viewer_cpp/local_setup.zsh
-- Up-to-date: /home/kiki/fall_prefent_tof/install/depth_viewer_cpp/share/depth_viewer_cpp/local_setup.dsv
-- Installing: /home/kiki/fall_prefent_tof/install/depth_viewer_cpp/share/depth_viewer_cpp/package.dsv
-- Up-to-date: /home/kiki/fall_prefent_tof/install/depth_viewer_cpp/share/ament_index/resource_index/packages/depth_viewer_cpp
-- Up-to-date: /home/kiki/fall_prefent_tof/install/depth_viewer_cpp/share/depth_viewer_cpp/cmake/depth_viewer_cppConfig.cmake
-- Up-to-date: /home/kiki/fall_prefent_tof/install/depth_viewer_cpp/share/depth_viewer_cpp/cmake/depth_viewer_cppConfig-version.cmake
-- Up-to-date: /home/kiki/fall_prefent_tof/install/depth_viewer_cpp/share/depth_viewer_cpp/package.xml
