[0.054s] DEBUG:colcon:Command line arguments: ['/usr/bin/colcon', 'build']
[0.054s] DEBUG:colcon:Parsed command line arguments: Namespace(log_base=None, log_level=None, verb_name='build', build_base='build', install_base='install', merge_install=False, symlink_install=False, test_result_base=None, continue_on_error=False, executor='parallel', parallel_workers=20, event_handlers=None, ignore_user_meta=False, metas=['./colcon.meta'], base_paths=['.'], packages_ignore=None, packages_ignore_regex=None, paths=None, packages_up_to=None, packages_up_to_regex=None, packages_above=None, packages_above_and_dependencies=None, packages_above_depth=None, packages_select_by_dep=None, packages_skip_by_dep=None, packages_skip_up_to=None, packages_select_build_failed=False, packages_skip_build_finished=False, packages_select_test_failures=False, packages_skip_test_passed=False, packages_select=None, packages_skip=None, packages_select_regex=None, packages_skip_regex=None, packages_start=None, packages_end=None, allow_overriding=[], cmake_args=None, cmake_target=None, cmake_target_skip_unavailable=False, cmake_clean_cache=False, cmake_clean_first=False, cmake_force_configure=False, ament_cmake_args=None, catkin_cmake_args=None, catkin_skip_building_tests=False, mixin_files=None, mixin=None, verb_parser=<colcon_mixin.mixin.mixin_argument.MixinArgumentDecorator object at 0x72292a295c40>, verb_extension=<colcon_core.verb.build.BuildVerb object at 0x72292a2138f0>, main=<bound method BuildVerb.main of <colcon_core.verb.build.BuildVerb object at 0x72292a2138f0>>, mixin_verb=('build',))
[0.075s] Level 1:colcon.colcon_core.package_discovery:discover_packages(colcon_meta) check parameters
[0.075s] Level 1:colcon.colcon_core.package_discovery:discover_packages(recursive) check parameters
[0.075s] Level 1:colcon.colcon_core.package_discovery:discover_packages(ignore) check parameters
[0.075s] Level 1:colcon.colcon_core.package_discovery:discover_packages(path) check parameters
[0.075s] Level 1:colcon.colcon_core.package_discovery:discover_packages(colcon_meta) discover
[0.075s] Level 1:colcon.colcon_core.package_discovery:discover_packages(recursive) discover
[0.075s] INFO:colcon.colcon_core.package_discovery:Crawling recursively for packages in '/home/kiki/fall_prefent_tof'
[0.075s] Level 1:colcon.colcon_core.package_identification:_identify(.) by extensions ['ignore', 'ignore_ament_install']
[0.075s] Level 1:colcon.colcon_core.package_identification:_identify(.) by extension 'ignore'
[0.075s] Level 1:colcon.colcon_core.package_identification:_identify(.) by extension 'ignore_ament_install'
[0.075s] Level 1:colcon.colcon_core.package_identification:_identify(.) by extensions ['colcon_pkg']
[0.075s] Level 1:colcon.colcon_core.package_identification:_identify(.) by extension 'colcon_pkg'
[0.075s] Level 1:colcon.colcon_core.package_identification:_identify(.) by extensions ['colcon_meta']
[0.075s] Level 1:colcon.colcon_core.package_identification:_identify(.) by extension 'colcon_meta'
[0.075s] Level 1:colcon.colcon_core.package_identification:_identify(.) by extensions ['ros']
[0.075s] Level 1:colcon.colcon_core.package_identification:_identify(.) by extension 'ros'
[0.089s] Level 1:colcon.colcon_core.package_identification:_identify(.) by extensions ['cmake', 'python']
[0.089s] Level 1:colcon.colcon_core.package_identification:_identify(.) by extension 'cmake'
[0.089s] Level 1:colcon.colcon_core.package_identification:_identify(.) by extension 'python'
[0.089s] Level 1:colcon.colcon_core.package_identification:_identify(.) by extensions ['python_setup_py']
[0.089s] Level 1:colcon.colcon_core.package_identification:_identify(.) by extension 'python_setup_py'
[0.089s] Level 1:colcon.colcon_core.package_identification:_identify(build) by extensions ['ignore', 'ignore_ament_install']
[0.089s] Level 1:colcon.colcon_core.package_identification:_identify(build) by extension 'ignore'
[0.089s] Level 1:colcon.colcon_core.package_identification:_identify(build) ignored
[0.089s] Level 1:colcon.colcon_core.package_identification:_identify(install) by extensions ['ignore', 'ignore_ament_install']
[0.089s] Level 1:colcon.colcon_core.package_identification:_identify(install) by extension 'ignore'
[0.089s] Level 1:colcon.colcon_core.package_identification:_identify(install) ignored
[0.089s] Level 1:colcon.colcon_core.package_identification:_identify(log) by extensions ['ignore', 'ignore_ament_install']
[0.089s] Level 1:colcon.colcon_core.package_identification:_identify(log) by extension 'ignore'
[0.089s] Level 1:colcon.colcon_core.package_identification:_identify(log) ignored
[0.089s] Level 1:colcon.colcon_core.package_identification:_identify(rosbag2_2026_03_10-18_07_48) by extensions ['ignore', 'ignore_ament_install']
[0.089s] Level 1:colcon.colcon_core.package_identification:_identify(rosbag2_2026_03_10-18_07_48) by extension 'ignore'
[0.089s] Level 1:colcon.colcon_core.package_identification:_identify(rosbag2_2026_03_10-18_07_48) by extension 'ignore_ament_install'
[0.089s] Level 1:colcon.colcon_core.package_identification:_identify(rosbag2_2026_03_10-18_07_48) by extensions ['colcon_pkg']
[0.089s] Level 1:colcon.colcon_core.package_identification:_identify(rosbag2_2026_03_10-18_07_48) by extension 'colcon_pkg'
[0.089s] Level 1:colcon.colcon_core.package_identification:_identify(rosbag2_2026_03_10-18_07_48) by extensions ['colcon_meta']
[0.089s] Level 1:colcon.colcon_core.package_identification:_identify(rosbag2_2026_03_10-18_07_48) by extension 'colcon_meta'
[0.089s] Level 1:colcon.colcon_core.package_identification:_identify(rosbag2_2026_03_10-18_07_48) by extensions ['ros']
[0.089s] Level 1:colcon.colcon_core.package_identification:_identify(rosbag2_2026_03_10-18_07_48) by extension 'ros'
[0.089s] Level 1:colcon.colcon_core.package_identification:_identify(rosbag2_2026_03_10-18_07_48) by extensions ['cmake', 'python']
[0.089s] Level 1:colcon.colcon_core.package_identification:_identify(rosbag2_2026_03_10-18_07_48) by extension 'cmake'
[0.089s] Level 1:colcon.colcon_core.package_identification:_identify(rosbag2_2026_03_10-18_07_48) by extension 'python'
[0.089s] Level 1:colcon.colcon_core.package_identification:_identify(rosbag2_2026_03_10-18_07_48) by extensions ['python_setup_py']
[0.089s] Level 1:colcon.colcon_core.package_identification:_identify(rosbag2_2026_03_10-18_07_48) by extension 'python_setup_py'
[0.089s] Level 1:colcon.colcon_core.package_identification:_identify(src) by extensions ['ignore', 'ignore_ament_install']
[0.089s] Level 1:colcon.colcon_core.package_identification:_identify(src) by extension 'ignore'
[0.089s] Level 1:colcon.colcon_core.package_identification:_identify(src) by extension 'ignore_ament_install'
[0.089s] Level 1:colcon.colcon_core.package_identification:_identify(src) by extensions ['colcon_pkg']
[0.089s] Level 1:colcon.colcon_core.package_identification:_identify(src) by extension 'colcon_pkg'
[0.090s] Level 1:colcon.colcon_core.package_identification:_identify(src) by extensions ['colcon_meta']
[0.090s] Level 1:colcon.colcon_core.package_identification:_identify(src) by extension 'colcon_meta'
[0.090s] Level 1:colcon.colcon_core.package_identification:_identify(src) by extensions ['ros']
[0.090s] Level 1:colcon.colcon_core.package_identification:_identify(src) by extension 'ros'
[0.090s] Level 1:colcon.colcon_core.package_identification:_identify(src) by extensions ['cmake', 'python']
[0.090s] Level 1:colcon.colcon_core.package_identification:_identify(src) by extension 'cmake'
[0.090s] Level 1:colcon.colcon_core.package_identification:_identify(src) by extension 'python'
[0.090s] Level 1:colcon.colcon_core.package_identification:_identify(src) by extensions ['python_setup_py']
[0.090s] Level 1:colcon.colcon_core.package_identification:_identify(src) by extension 'python_setup_py'
[0.090s] Level 1:colcon.colcon_core.package_identification:_identify(src/data_proccessing) by extensions ['ignore', 'ignore_ament_install']
[0.090s] Level 1:colcon.colcon_core.package_identification:_identify(src/data_proccessing) by extension 'ignore'
[0.090s] Level 1:colcon.colcon_core.package_identification:_identify(src/data_proccessing) by extension 'ignore_ament_install'
[0.090s] Level 1:colcon.colcon_core.package_identification:_identify(src/data_proccessing) by extensions ['colcon_pkg']
[0.090s] Level 1:colcon.colcon_core.package_identification:_identify(src/data_proccessing) by extension 'colcon_pkg'
[0.090s] Level 1:colcon.colcon_core.package_identification:_identify(src/data_proccessing) by extensions ['colcon_meta']
[0.090s] Level 1:colcon.colcon_core.package_identification:_identify(src/data_proccessing) by extension 'colcon_meta'
[0.090s] Level 1:colcon.colcon_core.package_identification:_identify(src/data_proccessing) by extensions ['ros']
[0.090s] Level 1:colcon.colcon_core.package_identification:_identify(src/data_proccessing) by extension 'ros'
[0.091s] DEBUG:colcon.colcon_core.package_identification:Package 'src/data_proccessing' with type 'ros.ament_cmake' and name 'data_proccessing'
[0.091s] Level 1:colcon.colcon_core.package_identification:_identify(src/depth_viewer_cpp) by extensions ['ignore', 'ignore_ament_install']
[0.091s] Level 1:colcon.colcon_core.package_identification:_identify(src/depth_viewer_cpp) by extension 'ignore'
[0.091s] Level 1:colcon.colcon_core.package_identification:_identify(src/depth_viewer_cpp) by extension 'ignore_ament_install'
[0.091s] Level 1:colcon.colcon_core.package_identification:_identify(src/depth_viewer_cpp) by extensions ['colcon_pkg']
[0.091s] Level 1:colcon.colcon_core.package_identification:_identify(src/depth_viewer_cpp) by extension 'colcon_pkg'
[0.091s] Level 1:colcon.colcon_core.package_identification:_identify(src/depth_viewer_cpp) by extensions ['colcon_meta']
[0.091s] Level 1:colcon.colcon_core.package_identification:_identify(src/depth_viewer_cpp) by extension 'colcon_meta'
[0.091s] Level 1:colcon.colcon_core.package_identification:_identify(src/depth_viewer_cpp) by extensions ['ros']
[0.091s] Level 1:colcon.colcon_core.package_identification:_identify(src/depth_viewer_cpp) by extension 'ros'
[0.092s] DEBUG:colcon.colcon_core.package_identification:Package 'src/depth_viewer_cpp' with type 'ros.ament_cmake' and name 'depth_viewer_cpp'
[0.092s] Level 1:colcon.colcon_core.package_discovery:discover_packages(recursive) using defaults
[0.092s] Level 1:colcon.colcon_core.package_discovery:discover_packages(ignore) discover
[0.092s] Level 1:colcon.colcon_core.package_discovery:discover_packages(ignore) using defaults
[0.092s] Level 1:colcon.colcon_core.package_discovery:discover_packages(path) discover
[0.092s] Level 1:colcon.colcon_core.package_discovery:discover_packages(path) using defaults
[0.101s] Level 1:colcon.colcon_core.package_discovery:discover_packages(prefix_path) check parameters
[0.101s] Level 1:colcon.colcon_core.package_discovery:discover_packages(prefix_path) discover
[0.101s] WARNING:colcon.colcon_ros.prefix_path.ament:The path '/home/kiki/fall_prefent_tof/install/data_proccessing' in the environment variable AMENT_PREFIX_PATH doesn't exist
[0.102s] WARNING:colcon.colcon_ros.prefix_path.catkin:The path '/home/kiki/fall_prefent_tof/install/data_proccessing' in the environment variable CMAKE_PREFIX_PATH doesn't exist
[0.102s] DEBUG:colcon.colcon_installed_package_information.package_discovery:Found 0 installed packages in /home/kiki/fall_prefent_tof/install
[0.103s] DEBUG:colcon.colcon_installed_package_information.package_discovery:Found 426 installed packages in /opt/ros/jazzy
[0.104s] Level 1:colcon.colcon_core.package_discovery:discover_packages(prefix_path) using defaults
[0.131s] Level 5:colcon.colcon_core.verb:set package 'data_proccessing' build argument 'cmake_args' from command line to 'None'
[0.131s] Level 5:colcon.colcon_core.verb:set package 'data_proccessing' build argument 'cmake_target' from command line to 'None'
[0.131s] Level 5:colcon.colcon_core.verb:set package 'data_proccessing' build argument 'cmake_target_skip_unavailable' from command line to 'False'
[0.131s] Level 5:colcon.colcon_core.verb:set package 'data_proccessing' build argument 'cmake_clean_cache' from command line to 'False'
[0.131s] Level 5:colcon.colcon_core.verb:set package 'data_proccessing' build argument 'cmake_clean_first' from command line to 'False'
[0.131s] Level 5:colcon.colcon_core.verb:set package 'data_proccessing' build argument 'cmake_force_configure' from command line to 'False'
[0.131s] Level 5:colcon.colcon_core.verb:set package 'data_proccessing' build argument 'ament_cmake_args' from command line to 'None'
[0.131s] Level 5:colcon.colcon_core.verb:set package 'data_proccessing' build argument 'catkin_cmake_args' from command line to 'None'
[0.131s] Level 5:colcon.colcon_core.verb:set package 'data_proccessing' build argument 'catkin_skip_building_tests' from command line to 'False'
[0.131s] DEBUG:colcon.colcon_core.verb:Building package 'data_proccessing' with the following arguments: {'ament_cmake_args': None, 'build_base': '/home/kiki/fall_prefent_tof/build/data_proccessing', 'catkin_cmake_args': None, 'catkin_skip_building_tests': False, 'cmake_args': None, 'cmake_clean_cache': False, 'cmake_clean_first': False, 'cmake_force_configure': False, 'cmake_target': None, 'cmake_target_skip_unavailable': False, 'install_base': '/home/kiki/fall_prefent_tof/install/data_proccessing', 'merge_install': False, 'path': '/home/kiki/fall_prefent_tof/src/data_proccessing', 'symlink_install': False, 'test_result_base': None}
[0.131s] Level 5:colcon.colcon_core.verb:set package 'depth_viewer_cpp' build argument 'cmake_args' from command line to 'None'
[0.131s] Level 5:colcon.colcon_core.verb:set package 'depth_viewer_cpp' build argument 'cmake_target' from command line to 'None'
[0.131s] Level 5:colcon.colcon_core.verb:set package 'depth_viewer_cpp' build argument 'cmake_target_skip_unavailable' from command line to 'False'
[0.131s] Level 5:colcon.colcon_core.verb:set package 'depth_viewer_cpp' build argument 'cmake_clean_cache' from command line to 'False'
[0.131s] Level 5:colcon.colcon_core.verb:set package 'depth_viewer_cpp' build argument 'cmake_clean_first' from command line to 'False'
[0.131s] Level 5:colcon.colcon_core.verb:set package 'depth_viewer_cpp' build argument 'cmake_force_configure' from command line to 'False'
[0.132s] Level 5:colcon.colcon_core.verb:set package 'depth_viewer_cpp' build argument 'ament_cmake_args' from command line to 'None'
[0.132s] Level 5:colcon.colcon_core.verb:set package 'depth_viewer_cpp' build argument 'catkin_cmake_args' from command line to 'None'
[0.132s] Level 5:colcon.colcon_core.verb:set package 'depth_viewer_cpp' build argument 'catkin_skip_building_tests' from command line to 'False'
[0.132s] DEBUG:colcon.colcon_core.verb:Building package 'depth_viewer_cpp' with the following arguments: {'ament_cmake_args': None, 'build_base': '/home/kiki/fall_prefent_tof/build/depth_viewer_cpp', 'catkin_cmake_args': None, 'catkin_skip_building_tests': False, 'cmake_args': None, 'cmake_clean_cache': False, 'cmake_clean_first': False, 'cmake_force_configure': False, 'cmake_target': None, 'cmake_target_skip_unavailable': False, 'install_base': '/home/kiki/fall_prefent_tof/install/depth_viewer_cpp', 'merge_install': False, 'path': '/home/kiki/fall_prefent_tof/src/depth_viewer_cpp', 'symlink_install': False, 'test_result_base': None}
[0.132s] INFO:colcon.colcon_core.executor:Executing jobs using 'parallel' executor
[0.132s] DEBUG:colcon.colcon_parallel_executor.executor.parallel:run_until_complete
[0.132s] INFO:colcon.colcon_ros.task.ament_cmake.build:Building ROS package in '/home/kiki/fall_prefent_tof/src/data_proccessing' with build type 'ament_cmake'
[0.132s] INFO:colcon.colcon_cmake.task.cmake.build:Building CMake package in '/home/kiki/fall_prefent_tof/src/data_proccessing'
[0.133s] INFO:colcon.colcon_core.plugin_system:Skipping extension 'colcon_core.shell.bat': Not used on non-Windows systems
[0.134s] INFO:colcon.colcon_core.shell:Skip shell extension 'powershell' for command environment: Not usable outside of PowerShell
[0.134s] DEBUG:colcon.colcon_core.shell:Skip shell extension 'dsv' for command environment
[0.136s] INFO:colcon.colcon_ros.task.ament_cmake.build:Building ROS package in '/home/kiki/fall_prefent_tof/src/depth_viewer_cpp' with build type 'ament_cmake'
[0.136s] INFO:colcon.colcon_cmake.task.cmake.build:Building CMake package in '/home/kiki/fall_prefent_tof/src/depth_viewer_cpp'
[0.136s] INFO:colcon.colcon_core.shell:Skip shell extension 'powershell' for command environment: Not usable outside of PowerShell
[0.136s] DEBUG:colcon.colcon_core.shell:Skip shell extension 'dsv' for command environment
[0.140s] DEBUG:colcon.colcon_core.event_handler.log_command:Invoking command in '/home/kiki/fall_prefent_tof/build/data_proccessing': CMAKE_PREFIX_PATH=${CMAKE_PREFIX_PATH}:/opt/ros/jazzy DEBUGINFOD_URLS=https://debuginfod.ubuntu.com /usr/bin/cmake /home/kiki/fall_prefent_tof/src/data_proccessing -DCMAKE_INSTALL_PREFIX=/home/kiki/fall_prefent_tof/install/data_proccessing
[0.142s] DEBUG:colcon.colcon_core.event_handler.log_command:Invoking command in '/home/kiki/fall_prefent_tof/build/depth_viewer_cpp': CMAKE_PREFIX_PATH=${CMAKE_PREFIX_PATH}:/opt/ros/jazzy DEBUGINFOD_URLS=https://debuginfod.ubuntu.com /usr/bin/cmake /home/kiki/fall_prefent_tof/src/depth_viewer_cpp -DCMAKE_INSTALL_PREFIX=/home/kiki/fall_prefent_tof/install/depth_viewer_cpp
[0.640s] DEBUG:colcon.colcon_core.event_handler.log_command:Invoked command in '/home/kiki/fall_prefent_tof/build/data_proccessing' returned '0': CMAKE_PREFIX_PATH=${CMAKE_PREFIX_PATH}:/opt/ros/jazzy DEBUGINFOD_URLS=https://debuginfod.ubuntu.com /usr/bin/cmake /home/kiki/fall_prefent_tof/src/data_proccessing -DCMAKE_INSTALL_PREFIX=/home/kiki/fall_prefent_tof/install/data_proccessing
[0.641s] DEBUG:colcon.colcon_core.event_handler.log_command:Invoking command in '/home/kiki/fall_prefent_tof/build/data_proccessing': CMAKE_PREFIX_PATH=${CMAKE_PREFIX_PATH}:/opt/ros/jazzy DEBUGINFOD_URLS=https://debuginfod.ubuntu.com /usr/bin/cmake --build /home/kiki/fall_prefent_tof/build/data_proccessing -- -j20 -l20
[0.668s] DEBUG:colcon.colcon_core.event_handler.log_command:Invoked command in '/home/kiki/fall_prefent_tof/build/data_proccessing' returned '0': CMAKE_PREFIX_PATH=${CMAKE_PREFIX_PATH}:/opt/ros/jazzy DEBUGINFOD_URLS=https://debuginfod.ubuntu.com /usr/bin/cmake --build /home/kiki/fall_prefent_tof/build/data_proccessing -- -j20 -l20
[0.674s] DEBUG:colcon.colcon_core.event_handler.log_command:Invoking command in '/home/kiki/fall_prefent_tof/build/data_proccessing': CMAKE_PREFIX_PATH=${CMAKE_PREFIX_PATH}:/opt/ros/jazzy DEBUGINFOD_URLS=https://debuginfod.ubuntu.com /usr/bin/cmake --install /home/kiki/fall_prefent_tof/build/data_proccessing
[0.683s] Level 1:colcon.colcon_core.environment:create_environment_scripts_only(data_proccessing)
[0.684s] DEBUG:colcon.colcon_core.event_handler.log_command:Invoked command in '/home/kiki/fall_prefent_tof/build/data_proccessing' returned '0': CMAKE_PREFIX_PATH=${CMAKE_PREFIX_PATH}:/opt/ros/jazzy DEBUGINFOD_URLS=https://debuginfod.ubuntu.com /usr/bin/cmake --install /home/kiki/fall_prefent_tof/build/data_proccessing
[0.685s] Level 1:colcon.colcon_core.environment:checking '/home/kiki/fall_prefent_tof/install/data_proccessing' for CMake module files
[0.685s] Level 1:colcon.colcon_core.environment:checking '/home/kiki/fall_prefent_tof/install/data_proccessing' for CMake config files
[0.685s] Level 1:colcon.colcon_core.shell:create_environment_hook('data_proccessing', 'cmake_prefix_path')
[0.685s] INFO:colcon.colcon_core.shell:Creating environment hook '/home/kiki/fall_prefent_tof/install/data_proccessing/share/data_proccessing/hook/cmake_prefix_path.ps1'
[0.686s] INFO:colcon.colcon_core.shell:Creating environment descriptor '/home/kiki/fall_prefent_tof/install/data_proccessing/share/data_proccessing/hook/cmake_prefix_path.dsv'
[0.687s] INFO:colcon.colcon_core.shell:Creating environment hook '/home/kiki/fall_prefent_tof/install/data_proccessing/share/data_proccessing/hook/cmake_prefix_path.sh'
[0.687s] Level 1:colcon.colcon_core.environment:checking '/home/kiki/fall_prefent_tof/install/data_proccessing/bin'
[0.687s] Level 1:colcon.colcon_core.environment:checking '/home/kiki/fall_prefent_tof/install/data_proccessing/lib/pkgconfig/data_proccessing.pc'
[0.687s] Level 1:colcon.colcon_core.environment:checking '/home/kiki/fall_prefent_tof/install/data_proccessing/lib/python3.12/site-packages'
[0.687s] Level 1:colcon.colcon_core.environment:checking '/home/kiki/fall_prefent_tof/install/data_proccessing/bin'
[0.687s] INFO:colcon.colcon_core.shell:Creating package script '/home/kiki/fall_prefent_tof/install/data_proccessing/share/data_proccessing/package.ps1'
[0.688s] INFO:colcon.colcon_core.shell:Creating package descriptor '/home/kiki/fall_prefent_tof/install/data_proccessing/share/data_proccessing/package.dsv'
[0.688s] INFO:colcon.colcon_core.shell:Creating package script '/home/kiki/fall_prefent_tof/install/data_proccessing/share/data_proccessing/package.sh'
[0.688s] INFO:colcon.colcon_core.shell:Creating package script '/home/kiki/fall_prefent_tof/install/data_proccessing/share/data_proccessing/package.bash'
[0.689s] INFO:colcon.colcon_core.shell:Creating package script '/home/kiki/fall_prefent_tof/install/data_proccessing/share/data_proccessing/package.zsh'
[0.689s] Level 1:colcon.colcon_core.environment:create_file_with_runtime_dependencies(/home/kiki/fall_prefent_tof/install/data_proccessing/share/colcon-core/packages/data_proccessing)
[0.689s] Level 1:colcon.colcon_core.environment:create_environment_scripts_only(data_proccessing)
[0.689s] Level 1:colcon.colcon_core.environment:checking '/home/kiki/fall_prefent_tof/install/data_proccessing' for CMake module files
[0.689s] Level 1:colcon.colcon_core.environment:checking '/home/kiki/fall_prefent_tof/install/data_proccessing' for CMake config files
[0.689s] Level 1:colcon.colcon_core.shell:create_environment_hook('data_proccessing', 'cmake_prefix_path')
[0.690s] INFO:colcon.colcon_core.shell:Creating environment hook '/home/kiki/fall_prefent_tof/install/data_proccessing/share/data_proccessing/hook/cmake_prefix_path.ps1'
[0.690s] INFO:colcon.colcon_core.shell:Creating environment descriptor '/home/kiki/fall_prefent_tof/install/data_proccessing/share/data_proccessing/hook/cmake_prefix_path.dsv'
[0.690s] INFO:colcon.colcon_core.shell:Creating environment hook '/home/kiki/fall_prefent_tof/install/data_proccessing/share/data_proccessing/hook/cmake_prefix_path.sh'
[0.690s] Level 1:colcon.colcon_core.environment:checking '/home/kiki/fall_prefent_tof/install/data_proccessing/bin'
[0.690s] Level 1:colcon.colcon_core.environment:checking '/home/kiki/fall_prefent_tof/install/data_proccessing/lib/pkgconfig/data_proccessing.pc'
[0.690s] Level 1:colcon.colcon_core.environment:checking '/home/kiki/fall_prefent_tof/install/data_proccessing/lib/python3.12/site-packages'
[0.691s] Level 1:colcon.colcon_core.environment:checking '/home/kiki/fall_prefent_tof/install/data_proccessing/bin'
[0.691s] INFO:colcon.colcon_core.shell:Creating package script '/home/kiki/fall_prefent_tof/install/data_proccessing/share/data_proccessing/package.ps1'
[0.691s] INFO:colcon.colcon_core.shell:Creating package descriptor '/home/kiki/fall_prefent_tof/install/data_proccessing/share/data_proccessing/package.dsv'
[0.691s] INFO:colcon.colcon_core.shell:Creating package script '/home/kiki/fall_prefent_tof/install/data_proccessing/share/data_proccessing/package.sh'
[0.691s] INFO:colcon.colcon_core.shell:Creating package script '/home/kiki/fall_prefent_tof/install/data_proccessing/share/data_proccessing/package.bash'
[0.691s] INFO:colcon.colcon_core.shell:Creating package script '/home/kiki/fall_prefent_tof/install/data_proccessing/share/data_proccessing/package.zsh'
[0.692s] Level 1:colcon.colcon_core.environment:create_file_with_runtime_dependencies(/home/kiki/fall_prefent_tof/install/data_proccessing/share/colcon-core/packages/data_proccessing)
[0.955s] DEBUG:colcon.colcon_core.event_handler.log_command:Invoked command in '/home/kiki/fall_prefent_tof/build/depth_viewer_cpp' returned '0': CMAKE_PREFIX_PATH=${CMAKE_PREFIX_PATH}:/opt/ros/jazzy DEBUGINFOD_URLS=https://debuginfod.ubuntu.com /usr/bin/cmake /home/kiki/fall_prefent_tof/src/depth_viewer_cpp -DCMAKE_INSTALL_PREFIX=/home/kiki/fall_prefent_tof/install/depth_viewer_cpp
[0.955s] DEBUG:colcon.colcon_core.event_handler.log_command:Invoking command in '/home/kiki/fall_prefent_tof/build/depth_viewer_cpp': CMAKE_PREFIX_PATH=${CMAKE_PREFIX_PATH}:/opt/ros/jazzy DEBUGINFOD_URLS=https://debuginfod.ubuntu.com /usr/bin/cmake --build /home/kiki/fall_prefent_tof/build/depth_viewer_cpp -- -j20 -l20
[1.117s] Level 1:colcon.colcon_core.environment:create_environment_scripts_only(depth_viewer_cpp)
[1.117s] Level 1:colcon.colcon_core.environment:checking '/home/kiki/fall_prefent_tof/install/depth_viewer_cpp' for CMake module files
[1.118s] Level 1:colcon.colcon_core.environment:checking '/home/kiki/fall_prefent_tof/install/depth_viewer_cpp' for CMake config files
[1.118s] Level 1:colcon.colcon_core.environment:checking '/home/kiki/fall_prefent_tof/install/depth_viewer_cpp/bin'
[1.118s] DEBUG:colcon.colcon_core.event_handler.log_command:Invoked command in '/home/kiki/fall_prefent_tof/build/depth_viewer_cpp' returned '2': CMAKE_PREFIX_PATH=${CMAKE_PREFIX_PATH}:/opt/ros/jazzy DEBUGINFOD_URLS=https://debuginfod.ubuntu.com /usr/bin/cmake --build /home/kiki/fall_prefent_tof/build/depth_viewer_cpp -- -j20 -l20
[1.118s] Level 1:colcon.colcon_core.environment:checking '/home/kiki/fall_prefent_tof/install/depth_viewer_cpp/lib/pkgconfig/depth_viewer_cpp.pc'
[1.118s] Level 1:colcon.colcon_core.environment:checking '/home/kiki/fall_prefent_tof/install/depth_viewer_cpp/lib/python3.12/site-packages'
[1.118s] Level 1:colcon.colcon_core.environment:checking '/home/kiki/fall_prefent_tof/install/depth_viewer_cpp/bin'
[1.118s] INFO:colcon.colcon_core.shell:Creating package script '/home/kiki/fall_prefent_tof/install/depth_viewer_cpp/share/depth_viewer_cpp/package.ps1'
[1.119s] INFO:colcon.colcon_core.shell:Creating package descriptor '/home/kiki/fall_prefent_tof/install/depth_viewer_cpp/share/depth_viewer_cpp/package.dsv'
[1.119s] INFO:colcon.colcon_core.shell:Creating package script '/home/kiki/fall_prefent_tof/install/depth_viewer_cpp/share/depth_viewer_cpp/package.sh'
[1.119s] INFO:colcon.colcon_core.shell:Creating package script '/home/kiki/fall_prefent_tof/install/depth_viewer_cpp/share/depth_viewer_cpp/package.bash'
[1.119s] INFO:colcon.colcon_core.shell:Creating package script '/home/kiki/fall_prefent_tof/install/depth_viewer_cpp/share/depth_viewer_cpp/package.zsh'
[1.119s] Level 1:colcon.colcon_core.environment:create_file_with_runtime_dependencies(/home/kiki/fall_prefent_tof/install/depth_viewer_cpp/share/colcon-core/packages/depth_viewer_cpp)
[1.130s] DEBUG:colcon.colcon_parallel_executor.executor.parallel:closing loop
[1.130s] DEBUG:colcon.colcon_parallel_executor.executor.parallel:loop closed
[1.130s] DEBUG:colcon.colcon_parallel_executor.executor.parallel:run_until_complete finished with '2'
[1.130s] DEBUG:colcon.colcon_core.event_reactor:joining thread
[1.134s] INFO:colcon.colcon_core.plugin_system:Skipping extension 'colcon_notification.desktop_notification.terminal_notifier': Not used on non-Darwin systems
[1.134s] INFO:colcon.colcon_core.plugin_system:Skipping extension 'colcon_notification.desktop_notification.win32': Not used on non-Windows systems
[1.134s] INFO:colcon.colcon_notification.desktop_notification:Sending desktop notification using 'notify2'
[1.144s] DEBUG:colcon.colcon_core.event_reactor:joined thread
[1.144s] INFO:colcon.colcon_core.shell:Creating prefix script '/home/kiki/fall_prefent_tof/install/local_setup.ps1'
[1.144s] INFO:colcon.colcon_core.shell:Creating prefix util module '/home/kiki/fall_prefent_tof/install/_local_setup_util_ps1.py'
[1.145s] INFO:colcon.colcon_core.shell:Creating prefix chain script '/home/kiki/fall_prefent_tof/install/setup.ps1'
[1.145s] INFO:colcon.colcon_core.shell:Creating prefix script '/home/kiki/fall_prefent_tof/install/local_setup.sh'
[1.146s] INFO:colcon.colcon_core.shell:Creating prefix util module '/home/kiki/fall_prefent_tof/install/_local_setup_util_sh.py'
[1.146s] INFO:colcon.colcon_core.shell:Creating prefix chain script '/home/kiki/fall_prefent_tof/install/setup.sh'
[1.146s] INFO:colcon.colcon_core.shell:Creating prefix script '/home/kiki/fall_prefent_tof/install/local_setup.bash'
[1.146s] INFO:colcon.colcon_core.shell:Creating prefix chain script '/home/kiki/fall_prefent_tof/install/setup.bash'
[1.147s] INFO:colcon.colcon_core.shell:Creating prefix script '/home/kiki/fall_prefent_tof/install/local_setup.zsh'
[1.147s] INFO:colcon.colcon_core.shell:Creating prefix chain script '/home/kiki/fall_prefent_tof/install/setup.zsh'
