[ 50%] [32mBuilding CXX object CMakeFiles/data_processing_node.dir/src/data_processing_node.cpp.o[0m
[01m[K/home/kiki/fall_prefent_tof/src/data_processing/src/data_processing_node.cpp:[m[K In member function ‘[01m[Kvoid DataProcessingNode::[01;32m[KdepthCallback[m[K(std_msgs::msg::Float32MultiArray_<std::allocator<void> >::SharedPtr)[m[K’:
[01m[K/home/kiki/fall_prefent_tof/src/data_processing/src/data_processing_node.cpp:94:28:[m[K [01;35m[Kwarning: [m[Kcomparison of integer expressions of different signedness: ‘[01m[Kstd::deque<std::vector<float> >::size_type[m[K’ {aka ‘[01m[Klong unsigned int[m[K’} and ‘[01m[Kint[m[K’ [[01;35m[K]8;;https://gcc.gnu.org/onlinedocs/gcc/Warning-Options.html#index-Wsign-compare-Wsign-compare]8;;[m[K]
   94 |         if ([01;35m[Kbuffer_.size() >= sequence_length_[m[K)
      |             [01;35m[K~~~~~~~~~~~~~~~^~~~~~~~~~~~~~~~~~~[m[K
[100%] [32m[1mLinking CXX executable data_processing_node[0m
[100%] Built target data_processing_node
-- Install configuration: ""
-- Installing: /home/kiki/fall_prefent_tof/install/data_processing/lib/data_processing/data_processing_node
-- Set non-toolchain portion of runtime path of "/home/kiki/fall_prefent_tof/install/data_processing/lib/data_processing/data_processing_node" to ""
-- Up-to-date: /home/kiki/fall_prefent_tof/install/data_processing/share/ament_index/resource_index/package_run_dependencies/data_processing
-- Up-to-date: /home/kiki/fall_prefent_tof/install/data_processing/share/ament_index/resource_index/parent_prefix_path/data_processing
-- Up-to-date: /home/kiki/fall_prefent_tof/install/data_processing/share/data_processing/environment/ament_prefix_path.sh
-- Up-to-date: /home/kiki/fall_prefent_tof/install/data_processing/share/data_processing/environment/ament_prefix_path.dsv
-- Up-to-date: /home/kiki/fall_prefent_tof/install/data_processing/share/data_processing/environment/path.sh
-- Up-to-date: /home/kiki/fall_prefent_tof/install/data_processing/share/data_processing/environment/path.dsv
-- Up-to-date: /home/kiki/fall_prefent_tof/install/data_processing/share/data_processing/local_setup.bash
-- Up-to-date: /home/kiki/fall_prefent_tof/install/data_processing/share/data_processing/local_setup.sh
-- Up-to-date: /home/kiki/fall_prefent_tof/install/data_processing/share/data_processing/local_setup.zsh
-- Up-to-date: /home/kiki/fall_prefent_tof/install/data_processing/share/data_processing/local_setup.dsv
-- Installing: /home/kiki/fall_prefent_tof/install/data_processing/share/data_processing/package.dsv
-- Up-to-date: /home/kiki/fall_prefent_tof/install/data_processing/share/ament_index/resource_index/packages/data_processing
-- Up-to-date: /home/kiki/fall_prefent_tof/install/data_processing/share/data_processing/cmake/data_processingConfig.cmake
-- Up-to-date: /home/kiki/fall_prefent_tof/install/data_processing/share/data_processing/cmake/data_processingConfig-version.cmake
-- Up-to-date: /home/kiki/fall_prefent_tof/install/data_processing/share/data_processing/package.xml
