[ 50%] [32mBuilding CXX object CMakeFiles/data_processing_node.dir/src/data_processing_node.cpp.o[0m
[100%] [32m[1mLinking CXX executable data_processing_node[0m
[100%] Built target data_processing_node
-- Install configuration: ""
-- Installing: /home/kiki/fall_prefent_tof/install/data_processing/lib/data_processing/data_processing_node
-- Set non-toolchain portion of runtime path of "/home/kiki/fall_prefent_tof/install/data_processing/lib/data_processing/data_processing_node" to ""
-- Up-to-date: /home/kiki/fall_prefent_tof/install/data_processing/share/ament_index/resource_index/package_run_dependencies/data_processing
-- Up-to-date: /home/kiki/fall_prefent_tof/install/data_processing/share/ament_index/resource_index/parent_prefix_path/data_processing
-- Up-to-date: /home/kiki/fall_prefent_tof/install/data_processing/share/data_processing/environment/ament_prefix_path.sh
-- Up-to-date: /home/kiki/fall_prefent_tof/install/data_processing/share/data_processing/environment/ament_prefix_path.dsv
-- Up-to-date: /home/kiki/fall_prefent_tof/install/data_processing/share/data_processing/environment/path.sh
-- Up-to-date: /home/kiki/fall_prefent_tof/install/data_processing/share/data_processing/environment/path.dsv
-- Up-to-date: /home/kiki/fall_prefent_tof/install/data_processing/share/data_processing/local_setup.bash
-- Up-to-date: /home/kiki/fall_prefent_tof/install/data_processing/share/data_processing/local_setup.sh
-- Up-to-date: /home/kiki/fall_prefent_tof/install/data_processing/share/data_processing/local_setup.zsh
-- Up-to-date: /home/kiki/fall_prefent_tof/install/data_processing/share/data_processing/local_setup.dsv
-- Installing: /home/kiki/fall_prefent_tof/install/data_processing/share/data_processing/package.dsv
-- Up-to-date: /home/kiki/fall_prefent_tof/install/data_processing/share/ament_index/resource_index/packages/data_processing
-- Up-to-date: /home/kiki/fall_prefent_tof/install/data_processing/share/data_processing/cmake/data_processingConfig.cmake
-- Up-to-date: /home/kiki/fall_prefent_tof/install/data_processing/share/data_processing/cmake/data_processingConfig-version.cmake
-- Up-to-date: /home/kiki/fall_prefent_tof/install/data_processing/share/data_processing/package.xml
