[0.013s] Invoking command in '/home/kiki/fall_prefent_tof/build/data_processing': CMAKE_PREFIX_PATH=${CMAKE_PREFIX_PATH}:/opt/ros/jazzy DEBUGINFOD_URLS=https://debuginfod.ubuntu.com /usr/bin/cmake --build /home/kiki/fall_prefent_tof/build/data_processing -- -j20 -l20
[0.116s] [ 50%] [32mBuilding CXX object CMakeFiles/data_processing_node.dir/src/data_processing_node.cpp.o[0m
[2.708s] [01m[K/home/kiki/fall_prefent_tof/src/data_processing/src/data_processing_node.cpp:[m[K In member function ‘[01m[Kvoid DataProcessingNode::[01;32m[KdepthCallback[m[K(std_msgs::msg::Float32MultiArray_<std::allocator<void> >::SharedPtr)[m[K’:
[2.708s] [01m[K/home/kiki/fall_prefent_tof/src/data_processing/src/data_processing_node.cpp:94:28:[m[K [01;35m[Kwarning: [m[Kcomparison of integer expressions of different signedness: ‘[01m[Kstd::deque<std::vector<float> >::size_type[m[K’ {aka ‘[01m[Klong unsigned int[m[K’} and ‘[01m[Kint[m[K’ [[01;35m[K]8;;https://gcc.gnu.org/onlinedocs/gcc/Warning-Options.html#index-Wsign-compare-Wsign-compare]8;;[m[K]
[2.708s]    94 |         if ([01;35m[Kbuffer_.size() >= sequence_length_[m[K)
[2.708s]       |             [01;35m[K~~~~~~~~~~~~~~~^~~~~~~~~~~~~~~~~~~[m[K
[10.957s] [100%] [32m[1mLinking CXX executable data_processing_node[0m
[11.328s] [100%] Built target data_processing_node
[11.344s] Invoked command in '/home/kiki/fall_prefent_tof/build/data_processing' returned '0': CMAKE_PREFIX_PATH=${CMAKE_PREFIX_PATH}:/opt/ros/jazzy DEBUGINFOD_URLS=https://debuginfod.ubuntu.com /usr/bin/cmake --build /home/kiki/fall_prefent_tof/build/data_processing -- -j20 -l20
[11.362s] Invoking command in '/home/kiki/fall_prefent_tof/build/data_processing': CMAKE_PREFIX_PATH=${CMAKE_PREFIX_PATH}:/opt/ros/jazzy DEBUGINFOD_URLS=https://debuginfod.ubuntu.com /usr/bin/cmake --install /home/kiki/fall_prefent_tof/build/data_processing
[11.380s] -- Install configuration: ""
[11.380s] -- Installing: /home/kiki/fall_prefent_tof/install/data_processing/lib/data_processing/data_processing_node
[11.392s] -- Set non-toolchain portion of runtime path of "/home/kiki/fall_prefent_tof/install/data_processing/lib/data_processing/data_processing_node" to ""
[11.392s] -- Up-to-date: /home/kiki/fall_prefent_tof/install/data_processing/share/ament_index/resource_index/package_run_dependencies/data_processing
[11.392s] -- Up-to-date: /home/kiki/fall_prefent_tof/install/data_processing/share/ament_index/resource_index/parent_prefix_path/data_processing
[11.393s] -- Up-to-date: /home/kiki/fall_prefent_tof/install/data_processing/share/data_processing/environment/ament_prefix_path.sh
[11.393s] -- Up-to-date: /home/kiki/fall_prefent_tof/install/data_processing/share/data_processing/environment/ament_prefix_path.dsv
[11.393s] -- Up-to-date: /home/kiki/fall_prefent_tof/install/data_processing/share/data_processing/environment/path.sh
[11.393s] -- Up-to-date: /home/kiki/fall_prefent_tof/install/data_processing/share/data_processing/environment/path.dsv
[11.393s] -- Up-to-date: /home/kiki/fall_prefent_tof/install/data_processing/share/data_processing/local_setup.bash
[11.393s] -- Up-to-date: /home/kiki/fall_prefent_tof/install/data_processing/share/data_processing/local_setup.sh
[11.393s] -- Up-to-date: /home/kiki/fall_prefent_tof/install/data_processing/share/data_processing/local_setup.zsh
[11.393s] -- Up-to-date: /home/kiki/fall_prefent_tof/install/data_processing/share/data_processing/local_setup.dsv
[11.394s] -- Installing: /home/kiki/fall_prefent_tof/install/data_processing/share/data_processing/package.dsv
[11.394s] -- Up-to-date: /home/kiki/fall_prefent_tof/install/data_processing/share/ament_index/resource_index/packages/data_processing
[11.394s] -- Up-to-date: /home/kiki/fall_prefent_tof/install/data_processing/share/data_processing/cmake/data_processingConfig.cmake
[11.394s] -- Up-to-date: /home/kiki/fall_prefent_tof/install/data_processing/share/data_processing/cmake/data_processingConfig-version.cmake
[11.394s] -- Up-to-date: /home/kiki/fall_prefent_tof/install/data_processing/share/data_processing/package.xml
[11.395s] Invoked command in '/home/kiki/fall_prefent_tof/build/data_processing' returned '0': CMAKE_PREFIX_PATH=${CMAKE_PREFIX_PATH}:/opt/ros/jazzy DEBUGINFOD_URLS=https://debuginfod.ubuntu.com /usr/bin/cmake --install /home/kiki/fall_prefent_tof/build/data_processing
