[0.007s] Invoking command in '/home/kiki/fall_prefent_tof/build/data_proccessing': CMAKE_PREFIX_PATH=${CMAKE_PREFIX_PATH}:/opt/ros/jazzy DEBUGINFOD_URLS=https://debuginfod.ubuntu.com /usr/bin/cmake --build /home/kiki/fall_prefent_tof/build/data_proccessing -- -j20 -l20
[0.034s] Invoked command in '/home/kiki/fall_prefent_tof/build/data_proccessing' returned '0': CMAKE_PREFIX_PATH=${CMAKE_PREFIX_PATH}:/opt/ros/jazzy DEBUGINFOD_URLS=https://debuginfod.ubuntu.com /usr/bin/cmake --build /home/kiki/fall_prefent_tof/build/data_proccessing -- -j20 -l20
[0.040s] Invoking command in '/home/kiki/fall_prefent_tof/build/data_proccessing': CMAKE_PREFIX_PATH=${CMAKE_PREFIX_PATH}:/opt/ros/jazzy DEBUGINFOD_URLS=https://debuginfod.ubuntu.com /usr/bin/cmake --install /home/kiki/fall_prefent_tof/build/data_proccessing
[0.045s] -- Install configuration: ""
[0.046s] -- Up-to-date: /home/kiki/fall_prefent_tof/install/data_proccessing/share/ament_index/resource_index/package_run_dependencies/data_proccessing
[0.046s] -- Up-to-date: /home/kiki/fall_prefent_tof/install/data_proccessing/share/ament_index/resource_index/parent_prefix_path/data_proccessing
[0.046s] -- Up-to-date: /home/kiki/fall_prefent_tof/install/data_proccessing/share/data_proccessing/environment/ament_prefix_path.sh
[0.046s] -- Up-to-date: /home/kiki/fall_prefent_tof/install/data_proccessing/share/data_proccessing/environment/ament_prefix_path.dsv
[0.046s] -- Up-to-date: /home/kiki/fall_prefent_tof/install/data_proccessing/share/data_proccessing/environment/path.sh
[0.046s] -- Up-to-date: /home/kiki/fall_prefent_tof/install/data_proccessing/share/data_proccessing/environment/path.dsv
[0.046s] -- Up-to-date: /home/kiki/fall_prefent_tof/install/data_proccessing/share/data_proccessing/local_setup.bash
[0.046s] -- Up-to-date: /home/kiki/fall_prefent_tof/install/data_proccessing/share/data_proccessing/local_setup.sh
[0.046s] -- Up-to-date: /home/kiki/fall_prefent_tof/install/data_proccessing/share/data_proccessing/local_setup.zsh
[0.046s] -- Up-to-date: /home/kiki/fall_prefent_tof/install/data_proccessing/share/data_proccessing/local_setup.dsv
[0.046s] -- Installing: /home/kiki/fall_prefent_tof/install/data_proccessing/share/data_proccessing/package.dsv
[0.046s] -- Up-to-date: /home/kiki/fall_prefent_tof/install/data_proccessing/share/ament_index/resource_index/packages/data_proccessing
[0.046s] -- Up-to-date: /home/kiki/fall_prefent_tof/install/data_proccessing/share/data_proccessing/cmake/data_proccessingConfig.cmake
[0.046s] -- Up-to-date: /home/kiki/fall_prefent_tof/install/data_proccessing/share/data_proccessing/cmake/data_proccessingConfig-version.cmake
[0.046s] -- Up-to-date: /home/kiki/fall_prefent_tof/install/data_proccessing/share/data_proccessing/package.xml
[0.047s] Invoked command in '/home/kiki/fall_prefent_tof/build/data_proccessing' returned '0': CMAKE_PREFIX_PATH=${CMAKE_PREFIX_PATH}:/opt/ros/jazzy DEBUGINFOD_URLS=https://debuginfod.ubuntu.com /usr/bin/cmake --install /home/kiki/fall_prefent_tof/build/data_proccessing
