[0.006s] Invoking command in '/home/kiki/fall_prefent_tof/build/depth_viewer_cpp': CMAKE_PREFIX_PATH=${CMAKE_PREFIX_PATH}:/opt/ros/jazzy DEBUGINFOD_URLS=https://debuginfod.ubuntu.com /usr/bin/cmake --build /home/kiki/fall_prefent_tof/build/depth_viewer_cpp -- -j20 -l20
[0.050s] [ 50%] [32mBuilding CXX object CMakeFiles/depth_viewer_node.dir/src/depth_viewer.cpp.o[0m
[1.886s] [01m[K/home/kiki/fall_prefent_tof/src/depth_viewer_cpp/src/depth_viewer.cpp:[m[K In member function ‘[01m[Kvoid DepthViewer::[01;32m[Kcallback[m[K(std_msgs::msg::Float32MultiArray_<std::allocator<void> >::SharedPtr)[m[K’:
[1.886s] [01m[K/home/kiki/fall_prefent_tof/src/depth_viewer_cpp/src/depth_viewer.cpp:36:30:[m[K [01;35m[Kwarning: [m[Kcomparison of integer expressions of different signedness: ‘[01m[Kstd::vector<float>::size_type[m[K’ {aka ‘[01m[Klong unsigned int[m[K’} and ‘[01m[Kint[m[K’ [[01;35m[K]8;;https://gcc.gnu.org/onlinedocs/gcc/Warning-Options.html#index-Wsign-compare-Wsign-compare]8;;[m[K]
[1.886s]    36 |         if ([01;35m[Kmsg->data.size() != width_ * height_[m[K)
[1.886s]       |             [01;35m[K~~~~~~~~~~~~~~~~~^~~~~~~~~~~~~~~~~~~[m[K
[6.627s] [100%] [32m[1mLinking CXX executable depth_viewer_node[0m
[7.158s] [100%] Built target depth_viewer_node
[7.173s] Invoked command in '/home/kiki/fall_prefent_tof/build/depth_viewer_cpp' returned '0': CMAKE_PREFIX_PATH=${CMAKE_PREFIX_PATH}:/opt/ros/jazzy DEBUGINFOD_URLS=https://debuginfod.ubuntu.com /usr/bin/cmake --build /home/kiki/fall_prefent_tof/build/depth_viewer_cpp -- -j20 -l20
[7.174s] Invoking command in '/home/kiki/fall_prefent_tof/build/depth_viewer_cpp': CMAKE_PREFIX_PATH=${CMAKE_PREFIX_PATH}:/opt/ros/jazzy DEBUGINFOD_URLS=https://debuginfod.ubuntu.com /usr/bin/cmake --install /home/kiki/fall_prefent_tof/build/depth_viewer_cpp
[7.181s] -- Install configuration: ""
[7.181s] -- Installing: /home/kiki/fall_prefent_tof/install/depth_viewer_cpp/lib/depth_viewer_cpp/depth_viewer_node
[7.184s] -- Set non-toolchain portion of runtime path of "/home/kiki/fall_prefent_tof/install/depth_viewer_cpp/lib/depth_viewer_cpp/depth_viewer_node" to ""
[7.185s] -- Up-to-date: /home/kiki/fall_prefent_tof/install/depth_viewer_cpp/share/ament_index/resource_index/package_run_dependencies/depth_viewer_cpp
[7.185s] -- Up-to-date: /home/kiki/fall_prefent_tof/install/depth_viewer_cpp/share/ament_index/resource_index/parent_prefix_path/depth_viewer_cpp
[7.185s] -- Up-to-date: /home/kiki/fall_prefent_tof/install/depth_viewer_cpp/share/depth_viewer_cpp/environment/ament_prefix_path.sh
[7.185s] -- Up-to-date: /home/kiki/fall_prefent_tof/install/depth_viewer_cpp/share/depth_viewer_cpp/environment/ament_prefix_path.dsv
[7.185s] -- Up-to-date: /home/kiki/fall_prefent_tof/install/depth_viewer_cpp/share/depth_viewer_cpp/environment/path.sh
[7.185s] -- Up-to-date: /home/kiki/fall_prefent_tof/install/depth_viewer_cpp/share/depth_viewer_cpp/environment/path.dsv
[7.185s] -- Up-to-date: /home/kiki/fall_prefent_tof/install/depth_viewer_cpp/share/depth_viewer_cpp/local_setup.bash
[7.185s] -- Up-to-date: /home/kiki/fall_prefent_tof/install/depth_viewer_cpp/share/depth_viewer_cpp/local_setup.sh
[7.185s] -- Up-to-date: /home/kiki/fall_prefent_tof/install/depth_viewer_cpp/share/depth_viewer_cpp/local_setup.zsh
[7.185s] -- Up-to-date: /home/kiki/fall_prefent_tof/install/depth_viewer_cpp/share/depth_viewer_cpp/local_setup.dsv
[7.185s] -- Installing: /home/kiki/fall_prefent_tof/install/depth_viewer_cpp/share/depth_viewer_cpp/package.dsv
[7.185s] -- Up-to-date: /home/kiki/fall_prefent_tof/install/depth_viewer_cpp/share/ament_index/resource_index/packages/depth_viewer_cpp
[7.185s] -- Up-to-date: /home/kiki/fall_prefent_tof/install/depth_viewer_cpp/share/depth_viewer_cpp/cmake/depth_viewer_cppConfig.cmake
[7.185s] -- Up-to-date: /home/kiki/fall_prefent_tof/install/depth_viewer_cpp/share/depth_viewer_cpp/cmake/depth_viewer_cppConfig-version.cmake
[7.185s] -- Up-to-date: /home/kiki/fall_prefent_tof/install/depth_viewer_cpp/share/depth_viewer_cpp/package.xml
[7.187s] Invoked command in '/home/kiki/fall_prefent_tof/build/depth_viewer_cpp' returned '0': CMAKE_PREFIX_PATH=${CMAKE_PREFIX_PATH}:/opt/ros/jazzy DEBUGINFOD_URLS=https://debuginfod.ubuntu.com /usr/bin/cmake --install /home/kiki/fall_prefent_tof/build/depth_viewer_cpp
