[ 50%] [32mBuilding CXX object CMakeFiles/depth_viewer_node.dir/src/depth_viewer.cpp.o[0m
[100%] [32m[1mLinking CXX executable depth_viewer_node[0m
[100%] Built target depth_viewer_node
-- Install configuration: ""
-- Installing: /home/kiki/fall_prefent_tof/install/depth_viewer_cpp/lib/depth_viewer_cpp/depth_viewer_node
-- Set non-toolchain portion of runtime path of "/home/kiki/fall_prefent_tof/install/depth_viewer_cpp/lib/depth_viewer_cpp/depth_viewer_node" to ""
-- Installing: /home/kiki/fall_prefent_tof/install/depth_viewer_cpp/share/ament_index/resource_index/package_run_dependencies/depth_viewer_cpp
-- Installing: /home/kiki/fall_prefent_tof/install/depth_viewer_cpp/share/ament_index/resource_index/parent_prefix_path/depth_viewer_cpp
-- Installing: /home/kiki/fall_prefent_tof/install/depth_viewer_cpp/share/depth_viewer_cpp/environment/ament_prefix_path.sh
-- Installing: /home/kiki/fall_prefent_tof/install/depth_viewer_cpp/share/depth_viewer_cpp/environment/ament_prefix_path.dsv
-- Installing: /home/kiki/fall_prefent_tof/install/depth_viewer_cpp/share/depth_viewer_cpp/environment/path.sh
-- Installing: /home/kiki/fall_prefent_tof/install/depth_viewer_cpp/share/depth_viewer_cpp/environment/path.dsv
-- Installing: /home/kiki/fall_prefent_tof/install/depth_viewer_cpp/share/depth_viewer_cpp/local_setup.bash
-- Installing: /home/kiki/fall_prefent_tof/install/depth_viewer_cpp/share/depth_viewer_cpp/local_setup.sh
-- Installing: /home/kiki/fall_prefent_tof/install/depth_viewer_cpp/share/depth_viewer_cpp/local_setup.zsh
-- Installing: /home/kiki/fall_prefent_tof/install/depth_viewer_cpp/share/depth_viewer_cpp/local_setup.dsv
-- Up-to-date: /home/kiki/fall_prefent_tof/install/depth_viewer_cpp/share/depth_viewer_cpp/package.dsv
-- Installing: /home/kiki/fall_prefent_tof/install/depth_viewer_cpp/share/ament_index/resource_index/packages/depth_viewer_cpp
-- Installing: /home/kiki/fall_prefent_tof/install/depth_viewer_cpp/share/depth_viewer_cpp/cmake/depth_viewer_cppConfig.cmake
-- Installing: /home/kiki/fall_prefent_tof/install/depth_viewer_cpp/share/depth_viewer_cpp/cmake/depth_viewer_cppConfig-version.cmake
-- Installing: /home/kiki/fall_prefent_tof/install/depth_viewer_cpp/share/depth_viewer_cpp/package.xml
